[    0.000000] Initializing cgroup subsys cpuset
[    0.000000] Initializing cgroup subsys cpu
[    0.000000] Initializing cgroup subsys cpuacct
[    0.000000] Linux version 4.4.0-178-generic (buildd@lgw01-amd64-017) (gcc version 5.4.0 20160609 (Ubuntu 5.4.0-6ubuntu1~16.04.12) ) #208-Ubuntu SMP Sun Apr 5 23:45:10 UTC 2020 (Ubuntu 4.4.0-178.208-generic 4.4.217)
[    0.000000] Command line: BOOT_IMAGE=/boot/vmlinuz-4.4.0-178-generic root=LABEL=cloudimg-rootfs ro console=tty1 console=ttyS0
[    0.000000] KERNEL supported cpus:
[    0.000000]   Intel GenuineIntel
[    0.000000]   AMD AuthenticAMD
[    0.000000]   Centaur CentaurHauls
[    0.000000] [Firmware Bug]: TSC doesn't count with P0 frequency!
[    0.000000] x86/fpu: xstate_offset[2]:  576, xstate_sizes[2]:  256
[    0.000000] x86/fpu: Supporting XSAVE feature 0x01: 'x87 floating point registers'
[    0.000000] x86/fpu: Supporting XSAVE feature 0x02: 'SSE registers'
[    0.000000] x86/fpu: Supporting XSAVE feature 0x04: 'AVX registers'
[    0.000000] x86/fpu: Enabled xstate features 0x7, context size is 832 bytes, using 'standard' format.
[    0.000000] e820: BIOS-provided physical RAM map:
[    0.000000] BIOS-e820: [mem 0x0000000000000000-0x000000000009fbff] usable
[    0.000000] BIOS-e820: [mem 0x000000000009fc00-0x000000000009ffff] reserved
[    0.000000] BIOS-e820: [mem 0x00000000000f0000-0x00000000000fffff] reserved
[    0.000000] BIOS-e820: [mem 0x0000000000100000-0x000000003ffeffff] usable
[    0.000000] BIOS-e820: [mem 0x000000003fff0000-0x000000003fffffff] ACPI data
[    0.000000] BIOS-e820: [mem 0x00000000fec00000-0x00000000fec00fff] reserved
[    0.000000] BIOS-e820: [mem 0x00000000fee00000-0x00000000fee00fff] reserved
[    0.000000] BIOS-e820: [mem 0x00000000fffc0000-0x00000000ffffffff] reserved
[    0.000000] NX (Execute Disable) protection: active
[    0.000000] SMBIOS 2.5 present.
[    0.000000] Hypervisor detected: KVM
[    0.000000] Kernel/User page tables isolation: disabled
[    0.000000] e820: last_pfn = 0x3fff0 max_arch_pfn = 0x400000000
[    0.000000] MTRR: Disabled
[    0.000000] x86/PAT: MTRRs disabled, skipping PAT initialization too.
[    0.000000] CPU MTRRs all blank - virtualized system.
[    0.000000] x86/PAT: Configuration [0-7]: WB  WT  UC- UC  WB  WT  UC- UC  
[    0.000000] found SMP MP-table at [mem 0x0009fff0-0x0009ffff] mapped at [ffff88000009fff0]
[    0.000000] Scanning 1 areas for low memory corruption
[    0.000000] RAMDISK: [mem 0x362e0000-0x37167fff]
[    0.000000] ACPI: Early table checksum verification disabled
[    0.000000] ACPI: RSDP 0x00000000000E0000 000024 (v02 VBOX  )
[    0.000000] ACPI: XSDT 0x000000003FFF0030 00003C (v01 VBOX   VBOXXSDT 00000001 ASL  00000061)
[    0.000000] ACPI: FACP 0x000000003FFF00F0 0000F4 (v04 VBOX   VBOXFACP 00000001 ASL  00000061)
[    0.000000] ACPI: DSDT 0x000000003FFF0470 002325 (v02 VBOX   VBOXBIOS 00000002 INTL 20100528)
[    0.000000] ACPI: FACS 0x000000003FFF0200 000040
[    0.000000] ACPI: FACS 0x000000003FFF0200 000040
[    0.000000] ACPI: APIC 0x000000003FFF0240 00005C (v02 VBOX   VBOXAPIC 00000001 ASL  00000061)
[    0.000000] ACPI: SSDT 0x000000003FFF02A0 0001CC (v01 VBOX   VBOXCPUT 00000002 INTL 20100528)
[    0.000000] No NUMA configuration found
[    0.000000] Faking a node at [mem 0x0000000000000000-0x000000003ffeffff]
[    0.000000] NODE_DATA(0) allocated [mem 0x3ffeb000-0x3ffeffff]
[    0.000000] kvm-clock: Using msrs 4b564d01 and 4b564d00
[    0.000000] kvm-clock: cpu 0, msr 0:3ffe3001, primary cpu clock
[    0.000000] kvm-clock: using sched offset of 7275639030 cycles
[    0.000000] clocksource: kvm-clock: mask: 0xffffffffffffffff max_cycles: 0x1cd42e4dffb, max_idle_ns: 881590591483 ns
[    0.000000] Zone ranges:
[    0.000000]   DMA      [mem 0x0000000000001000-0x0000000000ffffff]
[    0.000000]   DMA32    [mem 0x0000000001000000-0x000000003ffeffff]
[    0.000000]   Normal   empty
[    0.000000]   Device   empty
[    0.000000] Movable zone start for each node
[    0.000000] Early memory node ranges
[    0.000000]   node   0: [mem 0x0000000000001000-0x000000000009efff]
[    0.000000]   node   0: [mem 0x0000000000100000-0x000000003ffeffff]
[    0.000000] Initmem setup node 0 [mem 0x0000000000001000-0x000000003ffeffff]
[    0.000000] ACPI: PM-Timer IO Port: 0x4008
[    0.000000] IOAPIC[0]: apic_id 2, version 32, address 0xfec00000, GSI 0-23
[    0.000000] ACPI: INT_SRC_OVR (bus 0 bus_irq 0 global_irq 2 dfl dfl)
[    0.000000] ACPI: INT_SRC_OVR (bus 0 bus_irq 9 global_irq 9 low level)
[    0.000000] Using ACPI (MADT) for SMP configuration information
[    0.000000] smpboot: Allowing 2 CPUs, 0 hotplug CPUs
[    0.000000] PM: Registered nosave memory: [mem 0x00000000-0x00000fff]
[    0.000000] PM: Registered nosave memory: [mem 0x0009f000-0x0009ffff]
[    0.000000] PM: Registered nosave memory: [mem 0x000a0000-0x000effff]
[    0.000000] PM: Registered nosave memory: [mem 0x000f0000-0x000fffff]
[    0.000000] e820: [mem 0x40000000-0xfebfffff] available for PCI devices
[    0.000000] Booting paravirtualized kernel on KVM
[    0.000000] clocksource: refined-jiffies: mask: 0xffffffff max_cycles: 0xffffffff, max_idle_ns: 7645519600211568 ns
[    0.000000] setup_percpu: NR_CPUS:512 nr_cpumask_bits:512 nr_cpu_ids:2 nr_node_ids:1
[    0.000000] PERCPU: Embedded 33 pages/cpu @ffff88003fc00000 s95448 r8192 d31528 u1048576
[    0.000000] Built 1 zonelists in Node order, mobility grouping on.  Total pages: 257912
[    0.000000] Policy zone: DMA32
[    0.000000] Kernel command line: BOOT_IMAGE=/boot/vmlinuz-4.4.0-178-generic root=LABEL=cloudimg-rootfs ro console=tty1 console=ttyS0
[    0.000000] PID hash table entries: 4096 (order: 3, 32768 bytes)
[    0.000000] Memory: 997672K/1048120K available (8626K kernel code, 1336K rwdata, 4036K rodata, 1488K init, 1292K bss, 50448K reserved, 0K cma-reserved)
[    0.000000] SLUB: HWalign=64, Order=0-3, MinObjects=0, CPUs=2, Nodes=1
[    0.000000] Hierarchical RCU implementation.
[    0.000000] 	Build-time adjustment of leaf fanout to 64.
[    0.000000] 	RCU restricting CPUs from NR_CPUS=512 to nr_cpu_ids=2.
[    0.000000] RCU: Adjusting geometry for rcu_fanout_leaf=64, nr_cpu_ids=2
[    0.000000] NR_IRQS:33024 nr_irqs:440 16
[    0.000000] Console: colour VGA+ 80x25
[    0.000000] console [tty1] enabled
[    0.000000] console [ttyS0] enabled
[    0.000000] tsc: Detected 2295.688 MHz processor
[    0.626189] Calibrating delay loop (skipped) preset value.. 4591.37 BogoMIPS (lpj=9182752)
[    0.636113] pid_max: default: 32768 minimum: 301
[    0.638624] ACPI: Core revision 20150930
[    0.646189] ACPI: 2 ACPI AML tables successfully acquired and loaded
[    0.653761] Security Framework initialized
[    0.658514] Yama: becoming mindful.
[    0.660845] AppArmor: AppArmor initialized
[    0.668321] Dentry cache hash table entries: 131072 (order: 8, 1048576 bytes)
[    0.677064] Inode-cache hash table entries: 65536 (order: 7, 524288 bytes)
[    0.693991] Mount-cache hash table entries: 2048 (order: 2, 16384 bytes)
[    0.698385] Mountpoint-cache hash table entries: 2048 (order: 2, 16384 bytes)
[    0.706830] Initializing cgroup subsys io
[    0.709769] Initializing cgroup subsys memory
[    0.714914] Initializing cgroup subsys devices
[    0.718452] Initializing cgroup subsys freezer
[    0.721531] Initializing cgroup subsys net_cls
[    0.725011] Initializing cgroup subsys perf_event
[    0.729960] Initializing cgroup subsys net_prio
[    0.737241] Initializing cgroup subsys hugetlb
[    0.740129] Initializing cgroup subsys pids
[    0.743830] BIOS may not properly restore RDRAND after suspend, but hypervisor does not support hiding RDRAND via CPUID.
[    0.820384] mce: CPU supports 0 MCE banks
[    0.827245] Last level iTLB entries: 4KB 512, 2MB 1024, 4MB 512
[    0.829766] Last level dTLB entries: 4KB 1024, 2MB 1024, 4MB 512, 1GB 0
[    0.834826] Spectre V1 : Mitigation: usercopy/swapgs barriers and __user pointer sanitization
[    0.840398] Spectre V2 : Spectre mitigation: LFENCE not serializing, switching to generic retpoline
[    0.845049] Spectre V2 : Mitigation: Full generic retpoline
[    0.848321] Spectre V2 : Spectre v2 / SpectreRSB mitigation: Filling RSB on context switch
[    0.855427] Speculative Store Bypass: Mitigation: Speculative Store Bypass disabled via prctl and seccomp
[    0.865904] Freeing SMP alternatives memory: 36K
[    0.879352] ftrace: allocating 32308 entries in 127 pages
[    1.281526] smpboot: APIC(0) Converting physical 0 to logical package 0
[    1.289198] smpboot: Max logical packages: 1
[    1.293478] x2apic enabled
[    1.296767] Switched APIC routing to physical x2apic.
[    1.306161] ..TIMER: vector=0x30 apic1=0 pin1=2 apic2=-1 pin2=-1
[    1.417449] APIC calibration not consistent with PM-Timer: 224ms instead of 100ms
[    1.427000] APIC delta adjusted to PM-Timer: 6277735 (14065023)
[    1.431259] smpboot: CPU0: AMD A4-9125 RADEON R3, 4 COMPUTE CORES 2C+2G (family: 0x15, model: 0x70, stepping: 0x0)
[    1.446259] Performance Events: Broken PMU hardware detected, using software events only.
[    1.452060] Failed to access perfctr msr (MSR c0010007 is 0)
[    1.501766] KVM setup paravirtual spinlock
[    1.507603] x86: Booting SMP configuration:
[    1.511390] .... node  #0, CPUs:      #1
[    1.517002] kvm-clock: cpu 1, msr 0:3ffe3041, secondary cpu clock
[    1.588728] mce: CPU supports 0 MCE banks
[    1.595740] x86: Booted up 1 node, 2 CPUs
[    1.599469] smpboot: Total of 2 processors activated (9182.75 BogoMIPS)
[    1.606530] devtmpfs: initialized
[    1.624274] evm: security.selinux
[    1.629360] evm: security.SMACK64
[    1.632524] evm: security.SMACK64EXEC
[    1.638548] evm: security.SMACK64TRANSMUTE
[    1.640851] evm: security.SMACK64MMAP
[    1.644946] evm: security.ima
[    1.655252] evm: security.capability
[    1.659118] clocksource: jiffies: mask: 0xffffffff max_cycles: 0xffffffff, max_idle_ns: 7645041785100000 ns
[    1.674117] futex hash table entries: 512 (order: 3, 32768 bytes)
[    1.719599] pinctrl core: initialized pinctrl subsystem
[    1.728401] RTC time: 12:22:36, date: 05/26/20
[    1.753627] NET: Registered protocol family 16
[    1.765717] cpuidle: using governor ladder
[    1.778227] cpuidle: using governor menu
[    1.781485] PCCT header not found.
[    1.786022] ACPI: bus type PCI registered
[    1.788954] acpiphp: ACPI Hot Plug PCI Controller Driver version: 0.5
[    1.794541] PCI: Using configuration type 1 for base access
[    1.797670] PCI: Using configuration type 1 for extended access
[    1.814291] ACPI: Added _OSI(Module Device)
[    1.817694] ACPI: Added _OSI(Processor Device)
[    1.819814] ACPI: Added _OSI(3.0 _SCP Extensions)
[    1.824959] ACPI: Added _OSI(Processor Aggregator Device)
[    1.829222] ACPI: Executed 1 blocks of module-level executable AML code
[    1.839102] ACPI: Interpreter enabled
[    1.843758] ACPI: (supports S0 S5)
[    1.845687] ACPI: Using IOAPIC for interrupt routing
[    1.849199] PCI: Using host bridge windows from ACPI; if necessary, use "pci=nocrs" and report a bug
[    1.875319] ACPI: PCI Root Bridge [PCI0] (domain 0000 [bus 00-ff])
[    1.877926] acpi PNP0A03:00: _OSC: OS supports [ExtendedConfig ASPM ClockPM Segments MSI]
[    1.885060] acpi PNP0A03:00: _OSC: platform does not support [PCIeCapability]
[    1.888590] acpi PNP0A03:00: _OSC: not requesting control; platform does not support [PCIeCapability]
[    1.895533] acpi PNP0A03:00: _OSC: OS requested [PCIeHotplug PME AER PCIeCapability]
[    1.929283] acpi PNP0A03:00: _OSC: platform willing to grant [PCIeHotplug PME AER]
[    1.936764] acpi PNP0A03:00: _OSC failed (AE_SUPPORT); disabling ASPM
[    1.941295] PCI host bridge to bus 0000:00
[    1.947033] pci_bus 0000:00: root bus resource [io  0x0000-0x0cf7 window]
[    1.955188] pci_bus 0000:00: root bus resource [io  0x0d00-0xffff window]
[    2.145776] pci_bus 0000:00: root bus resource [mem 0x000a0000-0x000bffff window]
[    2.171169] pci_bus 0000:00: root bus resource [mem 0x40000000-0xfdffffff window]
[    2.181871] pci_bus 0000:00: root bus resource [bus 00-ff]
[    2.193749] pci 0000:00:01.1: legacy IDE quirk: reg 0x10: [io  0x01f0-0x01f7]
[    2.199694] pci 0000:00:01.1: legacy IDE quirk: reg 0x14: [io  0x03f6]
[    2.204534] pci 0000:00:01.1: legacy IDE quirk: reg 0x18: [io  0x0170-0x0177]
[    2.209024] pci 0000:00:01.1: legacy IDE quirk: reg 0x1c: [io  0x0376]
[    2.283373] pci 0000:00:07.0: quirk: [io  0x4000-0x403f] claimed by PIIX4 ACPI
[    2.293250] pci 0000:00:07.0: quirk: [io  0x4100-0x410f] claimed by PIIX4 SMB
[    2.382252] ACPI: PCI Interrupt Link [LNKA] (IRQs 5 9 10 *11)
[    2.388128] ACPI: PCI Interrupt Link [LNKB] (IRQs 5 9 *10 11)
[    2.393244] ACPI: PCI Interrupt Link [LNKC] (IRQs 5 *9 10 11)
[    2.397341] ACPI: PCI Interrupt Link [LNKD] (IRQs 5 9 10 *11)
[    2.403538] ACPI: Enabled 2 GPEs in block 00 to 07
[    2.407136] vgaarb: setting as boot device: PCI:0000:00:02.0
[    2.411369] vgaarb: device added: PCI:0000:00:02.0,decodes=io+mem,owns=io+mem,locks=none
[    2.423745] vgaarb: loaded
[    2.426450] vgaarb: bridge control possible 0000:00:02.0
[    2.434245] SCSI subsystem initialized
[    2.444716] ACPI: bus type USB registered
[    2.453354] usbcore: registered new interface driver usbfs
[    2.457801] usbcore: registered new interface driver hub
[    2.468342] usbcore: registered new device driver usb
[    2.489146] PCI: Using ACPI for IRQ routing
[    2.497150] NetLabel: Initializing
[    2.503562] NetLabel:  domain hash size = 128
[    2.510576] NetLabel:  protocols = UNLABELED CIPSOv4
[    2.521737] NetLabel:  unlabeled traffic allowed by default
[    2.528816] amd_nb: Cannot enumerate AMD northbridges
[    2.537062] clocksource: Switched to clocksource kvm-clock
[    2.575652] AppArmor: AppArmor Filesystem Enabled
[    2.587880] pnp: PnP ACPI init
[    2.595884] pnp: PnP ACPI: found 3 devices
[    2.628171] clocksource: acpi_pm: mask: 0xffffff max_cycles: 0xffffff, max_idle_ns: 2085701024 ns
[    2.662050] NET: Registered protocol family 2
[    2.672701] TCP established hash table entries: 8192 (order: 4, 65536 bytes)
[    2.678035] TCP bind hash table entries: 8192 (order: 5, 131072 bytes)
[    2.686017] TCP: Hash tables configured (established 8192 bind 8192)
[    2.691789] UDP hash table entries: 512 (order: 2, 16384 bytes)
[    2.695177] UDP-Lite hash table entries: 512 (order: 2, 16384 bytes)
[    2.705308] NET: Registered protocol family 1
[    2.707898] pci 0000:00:00.0: Limiting direct PCI/PCI transfers
[    2.721030] pci 0000:00:01.0: Activating ISA DMA hang workarounds
[    2.753116] Unpacking initramfs...
[    3.402081] Freeing initrd memory: 14880K
[    3.405871] clocksource: tsc: mask: 0xffffffffffffffff max_cycles: 0x21174bd42fa, max_idle_ns: 440795291265 ns
[    3.410435] platform rtc_cmos: registered platform RTC device (no PNP device found)
[    3.415029] Scanning for low memory corruption every 60 seconds
[    3.419650] audit: initializing netlink subsys (disabled)
[    3.423576] audit: type=2000 audit(1590495765.615:1): initialized
[    3.430620] Initialise system trusted keyring
[    3.436649] HugeTLB registered 2 MB page size, pre-allocated 0 pages
[    3.442775] zbud: loaded
[    3.450714] VFS: Disk quotas dquot_6.6.0
[    3.453543] VFS: Dquot-cache hash table entries: 512 (order 0, 4096 bytes)
[    3.458766] squashfs: version 4.0 (2009/01/31) Phillip Lougher
[    3.465226] fuse init (API version 7.23)
[    3.470777] Key type big_key registered
[    3.474095] Allocating IMA MOK and blacklist keyrings.
[    3.486698] Key type asymmetric registered
[    3.489872] Asymmetric key parser 'x509' registered
[    3.493296] Block layer SCSI generic (bsg) driver version 0.4 loaded (major 249)
[    3.504448] io scheduler noop registered
[    3.508027] io scheduler deadline registered (default)
[    3.511075] io scheduler cfq registered
[    3.514001] pci_hotplug: PCI Hot Plug PCI Core version: 0.5
[    3.522535] pciehp: PCI Express Hot Plug Controller Driver version: 0.4
[    3.529337] ACPI: AC Adapter [AC] (on-line)
[    3.531356] input: Power Button as /devices/LNXSYSTM:00/LNXPWRBN:00/input/input0
[    3.538711] ACPI: Power Button [PWRF]
[    3.540922] input: Sleep Button as /devices/LNXSYSTM:00/LNXSLPBN:00/input/input1
[    3.545048] ACPI: Sleep Button [SLPF]
[    3.549919] GHES: HEST is not enabled!
[    3.550754] ACPI: Battery Slot [BAT0] (battery present)
[    3.560173] Serial: 8250/16550 driver, 32 ports, IRQ sharing enabled
[    3.589569] 00:02: ttyS0 at I/O 0x3f8 (irq = 4, base_baud = 115200) is a 16550A
[    3.608898] Linux agpgart interface v0.103
[    3.621283] loop: module loaded
[    3.625503] scsi host0: ata_piix
[    3.629655] scsi host1: ata_piix
[    3.632067] ata1: PATA max UDMA/33 cmd 0x1f0 ctl 0x3f6 bmdma 0xd000 irq 14
[    3.637073] ata2: PATA max UDMA/33 cmd 0x170 ctl 0x376 bmdma 0xd008 irq 15
[    3.642484] libphy: Fixed MDIO Bus: probed
[    3.645215] tun: Universal TUN/TAP device driver, 1.6
[    3.650692] tun: (C) 1999-2004 Max Krasnyansky <maxk@qualcomm.com>
[    3.655613] PPP generic driver version 2.4.2
[    3.660934] ehci_hcd: USB 2.0 'Enhanced' Host Controller (EHCI) Driver
[    3.666595] ehci-pci: EHCI PCI platform driver
[    3.670845] ehci-platform: EHCI generic platform driver
[    3.675526] ohci_hcd: USB 1.1 'Open' Host Controller (OHCI) Driver
[    3.696748] ohci-pci: OHCI PCI platform driver
[    3.705742] ohci-platform: OHCI generic platform driver
[    3.708317] uhci_hcd: USB Universal Host Controller Interface driver
[    3.711746] i8042: PNP: PS/2 Controller [PNP0303:PS2K,PNP0f03:PS2M] at 0x60,0x64 irq 1,12
[    3.721366] serio: i8042 KBD port at 0x60,0x64 irq 1
[    3.725520] serio: i8042 AUX port at 0x60,0x64 irq 12
[    3.728807] mousedev: PS/2 mouse device common for all mice
[    3.736140] input: AT Translated Set 2 keyboard as /devices/platform/i8042/serio0/input/input2
[    3.743217] rtc_cmos rtc_cmos: rtc core: registered rtc_cmos as rtc0
[    3.748105] rtc_cmos rtc_cmos: alarms up to one day, 114 bytes nvram
[    3.755354] i2c /dev entries driver
[    3.758005] device-mapper: uevent: version 1.0.3
[    3.763919] device-mapper: ioctl: 4.34.0-ioctl (2015-10-28) initialised: dm-devel@redhat.com
[    3.769850] ledtrig-cpu: registered to indicate activity on CPUs
[    3.777527] x86/pm: family 0x15 cpu detected, MSR saving is needed during suspending.
[    3.785982] NET: Registered protocol family 10
[    3.790032] NET: Registered protocol family 17
[    3.796339] Key type dns_resolver registered
[    3.829926] registered taskstats version 1
[    3.836028] Loading compiled-in X.509 certificates
[    3.843071] Loaded X.509 cert 'Build time autogenerated kernel key: f33c437cc9123d9712070bdfe932b55b24c56047'
[    3.850984] zswap: loaded using pool lzo/zbud
[    3.862088] Key type trusted registered
[    3.879556] Key type encrypted registered
[    3.881778] AppArmor: AppArmor sha1 policy hashing enabled
[    3.887068] ima: No TPM chip found, activating TPM-bypass!
[    3.890672] ima: Allocated hash algorithm: sha1
[    3.894999] evm: HMAC attrs: 0x1
[    3.897324]   Magic number: 4:44:381
[    3.900178] rtc_cmos rtc_cmos: setting system clock to 2020-05-26 12:22:39 UTC (1590495759)
[    3.907386] BIOS EDD facility v0.16 2004-Jun-25, 0 devices found
[    3.910651] EDD information not available.
[    3.916828] Freeing unused kernel memory: 1488K
[    3.929273] Write protecting the kernel read-only data: 14336k
[    3.937387] Freeing unused kernel memory: 1604K
[    3.940485] Freeing unused kernel memory: 60K
Loading, please wait...
starting version 229
[    4.006476] random: systemd-udevd: uninitialized urandom read (16 bytes read, 3 bits of entropy available)
[    4.008155] random: udevadm: uninitialized urandom read (16 bytes read, 3 bits of entropy available)
[    4.008221] random: udevadm: uninitialized urandom read (16 bytes read, 3 bits of entropy available)
[    4.034687] random: udevadm: uninitialized urandom read (16 bytes read, 3 bits of entropy available)
[    4.034795] random: udevadm: uninitialized urandom read (16 bytes read, 3 bits of entropy available)
[    4.035146] random: udevadm: uninitialized urandom read (16 bytes read, 3 bits of entropy available)
[    4.035272] random: udevadm: uninitialized urandom read (16 bytes read, 3 bits of entropy available)
[    4.035367] random: udevadm: uninitialized urandom read (16 bytes read, 3 bits of entropy available)
[    4.035492] random: udevadm: uninitialized urandom read (16 bytes read, 3 bits of entropy available)
[    4.035618] random: udevadm: uninitialized urandom read (16 bytes read, 3 bits of entropy available)
[    4.309410] Fusion MPT base driver 3.04.20
[    4.318750] Copyright (c) 1999-2008 LSI Corporation
[    4.334502] e1000: Intel(R) PRO/1000 Network Driver - version 7.3.21-k8-NAPI
[    4.343233] e1000: Copyright (c) 1999-2006 Intel Corporation.
[    4.395784] Fusion MPT SPI Host driver 3.04.20
[    4.476416] AVX2 version of gcm_enc/dec engaged.
[    4.479279] AES CTR mode by8 optimization enabled
[    4.645498] input: ImExPS/2 Generic Explorer Mouse as /devices/platform/i8042/serio1/input/input4
[    5.183622] e1000 0000:00:03.0 eth0: (PCI:33MHz:32-bit) 02:c6:94:44:72:8b
[    5.188662] e1000 0000:00:03.0 eth0: Intel(R) PRO/1000 Network Connection
[    5.947629] e1000 0000:00:08.0 eth1: (PCI:33MHz:32-bit) 08:00:27:da:1f:8c
[    5.956182] e1000 0000:00:08.0 eth1: Intel(R) PRO/1000 Network Connection
[    5.971425] e1000 0000:00:08.0 enp0s8: renamed from eth1
[    5.976388] mptbase: ioc0: Initiating bringup
[    5.986507] e1000 0000:00:03.0 enp0s3: renamed from eth0
[    6.134841] ioc0: LSI53C1030 A0: Capabilities={Initiator}
[    6.818406] scsi host2: ioc0: LSI53C1030 A0, FwRev=00000000h, Ports=1, MaxQ=256, IRQ=20
[    7.750792] scsi 2:0:0:0: Direct-Access     VBOX     HARDDISK         1.0  PQ: 0 ANSI: 5
[    7.756828] scsi target2:0:0: Beginning Domain Validation
[    7.760932] scsi target2:0:0: Domain Validation skipping write tests
[    7.765072] scsi target2:0:0: Ending Domain Validation
[    7.769263] scsi target2:0:0: asynchronous
[    7.774495] scsi 2:0:1:0: Direct-Access     VBOX     HARDDISK         1.0  PQ: 0 ANSI: 5
[    7.779921] scsi target2:0:1: Beginning Domain Validation
[    7.789228] scsi target2:0:1: Domain Validation skipping write tests
[    7.793178] scsi target2:0:1: Ending Domain Validation
[    7.795644] scsi target2:0:1: asynchronous
[    7.822319] sd 2:0:0:0: Attached scsi generic sg0 type 0
[    7.828339] sd 2:0:1:0: Attached scsi generic sg1 type 0
[    7.838920] sd 2:0:0:0: [sda] 20971520 512-byte logical blocks: (10.7 GB/10.0 GiB)
[    7.850830] sd 2:0:1:0: [sdb] 20480 512-byte logical blocks: (10.5 MB/10.0 MiB)
[    7.861350] sd 2:0:1:0: [sdb] Write Protect is off
[    7.866509] sd 2:0:1:0: [sdb] Incomplete mode parameter data
[    7.870932] sd 2:0:1:0: [sdb] Assuming drive cache: write through
[    7.871025] sd 2:0:0:0: [sda] Write Protect is off
[    7.878998] sd 2:0:0:0: [sda] Incomplete mode parameter data
[    7.884427] sd 2:0:0:0: [sda] Assuming drive cache: write through
[    7.899362] sd 2:0:1:0: [sdb] Attached SCSI disk
[    7.905748]  sda: sda1
[    7.908867] sd 2:0:0:0: [sda] Attached SCSI disk
Begin: Loading essential drivers ... [    9.907671] md: linear personality registered for level -1
[    9.919120] md: multipath personality registered for level -4
[    9.938065] md: raid0 personality registered for level 0
[    9.960965] md: raid1 personality registered for level 1
[   10.045411] raid6: sse2x1   gen()  2988 MB/s
[   10.113098] raid6: sse2x1   xor()  2446 MB/s
[   10.181314] raid6: sse2x2   gen()  4590 MB/s
[   10.253651] raid6: sse2x2   xor()  2719 MB/s
[   10.321187] raid6: sse2x4   gen()  2197 MB/s
[   10.401217] raid6: sse2x4   xor()  1736 MB/s
[   10.469892] raid6: avx2x1   gen()  1634 MB/s
[   10.537724] raid6: avx2x2   gen()  2668 MB/s
[   10.621817] raid6: avx2x4   gen()   715 MB/s
[   10.628534] raid6: using algorithm sse2x2 gen() 4590 MB/s
[   10.635279] raid6: .... xor() 2719 MB/s, rmw enabled
[   10.645264] raid6: using avx2x2 recovery algorithm
[   10.663788] xor: automatically using best checksumming function:
[   10.737285]    avx       :  4001.000 MB/sec
[   10.825682] async_tx: api initialized (async)
[   10.875941] md: raid6 personality registered for level 6
[   10.881996] md: raid5 personality registered for level 5
[   10.890875] md: raid4 personality registered for level 4
[   10.919177] md: raid10 personality registered for level 10
done.
Begin: Running /scripts/init-premount ... done.
Begin: Mounting root file system ... Begin: Running /scripts/local-top ... done.
Begin: Running /scripts/local-premount ... [   11.031013] Btrfs loaded
Scanning for Btrfs filesystems
done.
Warning: fsck not present, so skipping root file system
[   11.143740] EXT4-fs (sda1): mounted filesystem with ordered data mode. Opts: (null)
done.
Begin: Running /scripts/local-bottom ... done.
Begin: Running /scripts/init-bottom ... done.
[   11.512702] systemd[1]: systemd 229 running in system mode. (+PAM +AUDIT +SELINUX +IMA +APPARMOR +SMACK +SYSVINIT +UTMP +LIBCRYPTSETUP +GCRYPT +GNUTLS +ACL +XZ -LZ4 +SECCOMP +BLKID +ELFUTILS +KMOD -IDN)
[   11.523195] systemd[1]: Detected virtualization oracle.
[   11.525431] systemd[1]: Detected architecture x86-64.

Welcome to [1mUbuntu 16.04.6 LTS[0m!

[   11.542207] systemd[1]: Set hostname to <ubuntu>.
[   11.556475] systemd[1]: Initializing machine ID from random generator.
[   11.560205] systemd[1]: Installed transient /etc/machine-id file.
[   12.005186] systemd[1]: Created slice User and Session Slice.
[[0;32m  OK  [0m] Created slice User and Session Slice.
[   12.010655] systemd[1]: Reached target Swap.
[[0;32m  OK  [0m] Reached target Swap.
[   12.015603] systemd[1]: Listening on Journal Socket.
[[0;32m  OK  [0m] Listening on Journal Socket.
[   12.023180] systemd[1]: Reached target System Time Synchronized.
[[0;32m  OK  [0m] Reached target System Time Synchronized.
[   12.030409] systemd[1]: Listening on udev Kernel Socket.
[[0;32m  OK  [0m] Listening on udev Kernel Socket.
[   12.041752] systemd[1]: Listening on LVM2 poll daemon socket.
[[0;32m  OK  [0m] Listening on LVM2 poll daemon socket.
[   12.052949] systemd[1]: Created slice System Slice.
[[0;32m  OK  [0m] Created slice System Slice.
[   12.074151] systemd[1]: Mounting Huge Pages File System...
         Mounting Huge Pages File System...
[   12.097554] systemd[1]: Mounting POSIX Message Queue File System...
         Mounting POSIX Message Queue File System...
[   12.116094] systemd[1]: Starting Nameserver information manager...
         Starting Nameserver information manager...
[   12.135166] systemd[1]: Starting Load Kernel Modules...
         Starting Load Kernel Modules...
[   12.174414] Loading iSCSI transport class v2.0-870.
[   12.185840] systemd[1]: Mounting Debug File System...
         Mounting Debug File System...
[   12.207195] systemd[1]: Starting Set console keymap...
         Starting Set console keymap...
[   12.226656] systemd[1]: Started Trigger resolvconf update for networkd DNS.
[[0;32m  OK  [0m] Started Trigger resolvconf update for networkd DNS.
[   12.241650] systemd[1]: Starting Uncomplicated firewall...
         Starting Uncomplicated firewall...
[   12.264798] systemd[1]: Listening on Journal Socket (/dev/log).
[[0;32m  OK  [0m] Listening on Journal Socket (/dev/log).
[   12.281244] iscsi: registered transport (tcp)
[   12.281644] systemd[1]: Listening on Journal Audit Socket.
[[0;32m  OK  [0m] Listening on Journal Audit Socket.
[   12.317201] random: nonblocking pool is initialized
[   12.330281] systemd[1]: Starting Remount Root and Kernel File Systems...
         Starting Remount Root and Kernel File Systems...
[   12.352297] systemd[1]: Created slice system-serial\x2dgetty.slice.
[[0;32m  OK  [0m] Created slice system-serial\x2dgetty.slice.
[   12.377858] systemd[1]: Reached target User and Group Name Lookups.
[[0;32m  OK  [0m] Reached target User and Group Name Lookups.
[   12.394491] systemd[1]: Set up automount Arbitrary Executable File Formats File System Automount Point.
[[0;32m  OK  [0m] Set up automount Arbitrary Executab...ats File System Automount Point.
[   12.410790] EXT4-fs (sda1): re-mounted. Opts: (null)
[   12.419729] systemd[1]: Listening on LVM2 metadata daemon socket.
[[0;32m  OK  [0m] Listening on LVM2 metadata daemon socket.
[   12.437993] systemd[1]: Listening on Device-mapper event daemon FIFOs.
[[0;32m  OK  [0m] Listening on Device-mapper event daemon FIFOs.
[   12.471858] systemd[1]: Starting Monitoring of LVM2 mirrors, snapshots etc. using dmeventd or progress polling...
         Starting Monitoring of LVM2 mirrors... dmeventd or progress polling...
[   12.500788] systemd[1]: Started Forward Password Requests to Wall Directory Watch.
[[0;32m  OK  [0m] Started Forward Password Requests to Wall Directory Watch.
[   12.526548] systemd[1]: Listening on /dev/initctl Compatibility Named Pipe.
[[0;32m  OK  [0m] Listening on /dev/initctl Compatibility Named Pipe.
[   12.547562] systemd[1]: Listening on udev Control Socket.
[[0;32m  OK  [0m] Listening on udev Control Socket.
[   12.567429] systemd[1]: Reached target Slices.
[[0;32m  OK  [0m] Reached target Slices.
[   12.585180] systemd[1]: Reached target Encrypted Volumes.
[[0;32m  OK  [0m] Reached target Encrypted Volumes.
[   12.606715] iscsi: registered transport (iser)
[   12.619907] systemd[1]: Starting Create list of required static device nodes for the current kernel...
         Starting Create list of required st... nodes for the current kernel...
[   12.642587] systemd[1]: Listening on Syslog Socket.
[[0;32m  OK  [0m] Listening on Syslog Socket.
[   12.651394] systemd[1]: Starting Journal Service...
         Starting Journal Service...
[   12.687063] systemd[1]: Mounted Huge Pages File System.
[[0;32m  OK  [0m] Mounted Huge Pages File System.
[   12.696960] systemd[1]: Mounted POSIX Message Queue File System.
[[0;32m  OK  [0m] Mounted POSIX Message Queue File System.
[   12.709014] systemd[1]: Mounted Debug File System.
[[0;32m  OK  [0m] Mounted Debug File System.
[   12.723325] systemd[1]: Started Journal Service.
[[0;32m  OK  [0m] Started Journal Service.
[[0;32m  OK  [0m] Started Load Kernel Modules.
[[0;32m  OK  [0m] Started Set console keymap.
[[0;32m  OK  [0m] Started Uncomplicated firewall.
[[0;32m  OK  [0m] Started Remount Root and Kernel File Systems.
[[0;32m  OK  [0m] Started Create list of required sta...ce nodes for the current kernel.
[[0;32m  OK  [0m] Started Nameserver information manager.
[[0;32m  OK  [0m] Started LVM2 metadata daemon.
         Starting Create Static Device Nodes in /dev...
         Starting Load/Save Random Seed...
         Starting udev Coldplug all Devices...
         Mounting FUSE Control File System...
         Starting Apply Kernel Variables...
         Starting Flush Journal to Persistent Storage...
[[0;32m  OK  [0m] Mounted FUSE Control File System.
[[0;32m  OK  [0m] Started Create Static Device Nodes in /dev.
[[0;32m  OK  [0m] Started Load/Save Random Seed.
         Starting udev Kernel Device Manager...
[   13.056977] systemd-journald[403]: Received request to flush runtime journal from PID 1
[[0;32m  OK  [0m] Started Apply Kernel Variables.
[[0;32m  OK  [0m] Started Flush Journal to Persistent Storage.
[[0;32m  OK  [0m] Started Monitoring of LVM2 mirrors,...ng dmeventd or progress polling.
[[0;32m  OK  [0m] Reached target Local File Systems (Pre).
[[0;32m  OK  [0m] Reached target Local File Systems.
         Starting Tell Plymouth To Write Out Runtime Data...
         Starting Initial cloud-init job (pre-networking)...
         Starting Set console font and keymap...
         Starting LSB: AppArmor initialization...
         Starting Create Volatile Files and Directories...
         Starting Commit a transient machine-id on disk...
[[0;32m  OK  [0m] Started udev Kernel Device Manager.
[[0;32m  OK  [0m] Started udev Coldplug all Devices.
[[0;32m  OK  [0m] Started Tell Plymouth To Write Out Runtime Data.
[[0;32m  OK  [0m] Started Dispatch Password Requests to Console Directory Watch.
[[0;32m  OK  [0m] Started Create Volatile Files and Directories.
[[0;32m  OK  [0m] Started Commit a transient machine-id on disk.
         Starting Update UTMP about System Boot/Shutdown...
[[0;32m  OK  [0m] Started Update UTMP about System Boot/Shutdown.
[[0;32m  OK  [0m] Found device /dev/ttyS0.
[[0;32m  OK  [0m] Listening on Load/Save RF Kill Switch Status /dev/rfkill Watch.
[[0;32m  OK  [0m] Started LSB: AppArmor initialization.
[   18.788272] cloud-init[463]: Cloud-init v. 19.4-33-gbb4131a2-0ubuntu1~16.04.1 running 'init-local' at Tue, 26 May 2020 12:22:54 +0000. Up 17.05 seconds.
[[0;32m  OK  [0m] Started Initial cloud-init job (pre-networking).
[[0;32m  OK  [0m] Reached target Network (Pre).
         Starting Raise network interfaces...
[[0;32m  OK  [0m] Started Set console font and keymap.
[[0;32m  OK  [0m] Created slice system-getty.slice.
[[0;32m  OK  [0m] Started Raise network interfaces.
[[0;32m  OK  [0m] Reached target Network.
         Starting Initial cloud-init job (metadata service crawler)...
[   24.108810] cloud-init[966]: Cloud-init v. 19.4-33-gbb4131a2-0ubuntu1~16.04.1 running 'init' at Tue, 26 May 2020 12:22:59 +0000. Up 22.02 seconds.
[   24.120895] cloud-init[966]: ci-info: ++++++++++++++++++++++++++++++++++++++Net device info+++++++++++++++++++++++++++++++++++++++
[   24.128752] cloud-init[966]: ci-info: +--------+-------+----------------------------+---------------+--------+-------------------+
[   24.137932] cloud-init[966]: ci-info: | Device |   Up  |          Address           |      Mask     | Scope  |     Hw-Address    |
[   24.147663] cloud-init[966]: ci-info: +--------+-------+----------------------------+---------------+--------+-------------------+
[   24.151989] cloud-init[966]: ci-info: | enp0s3 |  True |         10.0.2.15          | 255.255.255.0 | global | 02:c6:94:44:72:8b |
[   24.162039] cloud-init[966]: ci-info: | enp0s3 |  True | fe80::c6:94ff:fe44:728b/64 |       .       |  link  | 02:c6:94:44:72:8b |
[   24.174021] cloud-init[966]: ci-info: | enp0s8 | False |             .              |       .       |   .    | 08:00:27:da:1f:8c |
[   24.182738] cloud-init[966]: ci-info: |   lo   |  True |         127.0.0.1          |   255.0.0.0   |  host  |         .         |
[   24.191136] cloud-init[966]: ci-info: |   lo   |  True |          ::1/128           |       .       |  host  |         .         |
[   24.201588] cloud-init[966]: ci-info: +--------+-------+----------------------------+---------------+--------+-------------------+
[   24.212233] cloud-init[966]: ci-info: +++++++++++++++++++++++++++Route IPv4 info++++++++++++++++++++++++++++
[   24.223383] cloud-init[966]: ci-info: +-------+-------------+----------+---------------+-----------+-------+
[   24.241892] cloud-init[966]: ci-info: | Route | Destination | Gateway  |    Genmask    | Interface | Flags |
[   24.261459] cloud-init[966]: ci-info: +-------+-------------+----------+---------------+-----------+-------+
[   24.270866] cloud-init[966]: ci-info: |   0   |   0.0.0.0   | 10.0.2.2 |    0.0.0.0    |   enp0s3  |   UG  |
[   24.279180] cloud-init[966]: ci-info: |   1   |   10.0.2.0  | 0.0.0.0  | 255.255.255.0 |   enp0s3  |   U   |
[   24.285737] cloud-init[966]: ci-info: +-------+-------------+----------+---------------+-----------+-------+
[   24.291623] cloud-init[966]: ci-info: +++++++++++++++++++Route IPv6 info+++++++++++++++++++
[   24.303894] cloud-init[966]: ci-info: +-------+-------------+---------+-----------+-------+
[   24.310214] cloud-init[966]: ci-info: | Route | Destination | Gateway | Interface | Flags |
[   24.320943] cloud-init[966]: ci-info: +-------+-------------+---------+-----------+-------+
[   24.357527] cloud-init[966]: ci-info: |   0   |  fe80::/64  |    ::   |   enp0s3  |   U   |
[   24.366003] cloud-init[966]: ci-info: |   4   |   ff00::/8  |    ::   |   enp0s3  |   U   |
[   24.373002] cloud-init[966]: ci-info: +-------+-------------+---------+-----------+-------+
[   24.380777] cloud-init[966]: Generating public/private rsa key pair.
[   24.385258] cloud-init[966]: Your identification has been saved in /etc/ssh/ssh_host_rsa_key.
[   24.404448] cloud-init[966]: Your public key has been saved in /etc/ssh/ssh_host_rsa_key.pub.
[   24.420981] cloud-init[966]: The key fingerprint is:
[   24.423710] cloud-init[966]: SHA256:sx5e/krMshc75GV7K1OcrJrki/9ZvOc4HcV4DoY9Xps root@ubuntu-xenial
[   24.433301] cloud-init[966]: The key's randomart image is:
[   24.437876] cloud-init[966]: +---[RSA 2048]----+
[   24.441790] cloud-init[966]: |                 |
[   24.446134] cloud-init[966]: |                 |
[   24.449283] cloud-init[966]: |             o o |
[   24.456808] cloud-init[966]: |            . * =|
[   24.462067] cloud-init[966]: |        S    = B+|
[   24.477567] cloud-init[966]: |         =o o.*E.|
[   24.482357] cloud-init[966]: |        +o*= +o..|
[   24.497629] cloud-init[966]: |       o @=.=oooo|
[   24.500903] cloud-init[966]: |        =oOB+++=.|
[   24.504813] cloud-init[966]: +----[SHA256]-----+
[   24.508416] cloud-init[966]: Generating public/private dsa key pair.
[   24.514512] cloud-init[966]: Your identification has been saved in /etc/ssh/ssh_host_dsa_key.
[   24.519568] cloud-init[966]: Your public key has been saved in /etc/ssh/ssh_host_dsa_key.pub.
[   24.536636] cloud-init[[0;32m  OK  [0m] Started Initial cloud-init job (metadata service crawler).
[966]: The key fingerprint is:
[   24.550301] cloud-init[966]: SHA256:vbPw/M4h70MuJ90IC75KZ3/kH3Xnt6qY9W+MBHkJ894 root@ubuntu-xenial
[   24.557697] cloud-init[966]: The key's randomart image is:
[   24.558143] cloud-init[966]: +---[DSA 1024]----+
[[0;32m  OK  [0m] Reached target Network is Online.
[   24.560991] cloud-init[966]: |                 |
[   24.568438] cloud-init[966]: |           o     |
[   24.571932] cloud-init[966]: |            = .  |
[   24.580814] cloud-init[966]: |         . o +   |
         Starting iSCSI initiator daemon (iscsid)...
[   24.594814] [[0;32m  OK  [0m] Reached target Cloud-config availability.
[[0;32m  OK  [0m] Reached target System Initialization.
cloud-init[[0;32m  OK  [0m] Started ACPI Events Check.
[[0;32m  OK  [0m] Reached target Paths.
[966]: |        S . + . +|
[   24.630450] cloud-init[966]: |        . ..oo Eo|
[   24.631095] cloud-init[966]: |      ..+.+Xoo+ o|
[   24.631547] cloud-init[966]: |     . o.=B*Xo.+o|
[   24.631636] cloud-init[966]: |      ...+=XB==o |
[   24.631717] cloud-init[966]: +----[SHA256]-----+
[   24.631787] cloud-init[966]: Generating public/private ecdsa key pair.
[   24.631878] cloud-init[966]: Your identification has been saved in /etc/ssh/ssh_host_ecdsa_key.
[   24.631968] cloud-init[966]: Your public key has been saved in /etc/ssh/ssh_host_ecdsa_key.pub.
[   24.637558] cloud-init[966]: The key fingerprint is:
[   24.638479] cloud-init[966]: SHA256:QU9+DX8d60y7x26EM5cFB4TWWIt9I1mXDCs9HhErF/c root@ubuntu-xenial
[   24.639110] cloud-init[966]: The key's randomart image is:
[   24.639519] cloud-init[966]: +---[ECDSA 256]---+
[   24.639616] cloud-init[966]: |        . . .@B=o|
[   24.639707] cloud-init[966]: |       . +  =*@+B|
[   24.639786] cloud-init[966]: |        . o+oX=*E|
[   24.639869] cloud-init[966]: |         . .= Bo+|
[   24.639950] cloud-init[966]: |        S    . =o|
[   24.640030] cloud-init[966]: |              +o+|
[   24.640439] cloud-init[966]: |               *o|
[   24.641022] cloud-init[966]: |               .o|
[   24.641877] cloud-init[966]: |               ..|
[   24.643977] cloud-init[966]: +----[SHA256]-----+
[   24.647384] cloud-init[966]: Generating public/private ed25519 key pair.
[   24.649985] cloud-init[966]: Your identification has been saved in /etc/ssh/ssh_host_ed25519_key.
[   24.650631] cloud-init[966]: Your public key has been saved in /etc/ssh/ssh_host_ed25519_key.pub.
[   24.650760] cloud-init[966]: The key fingerprint is:
[   24.653438] cloud-init[966]: SHA256:MeSjH/sjw64llrRJNsk0/yERxHpSekoKwg/FrcJpDjU root@ubuntu-xenial
[   24.654043] cloud-init[966]: The key's randomart image is:
[   24.657782] cloud-init[966]: +--[ED25519 256]--+
[   24.657897] cloud-init[966]: |  . .  o+        |
[   24.662309] cloud-init[966]: |  Eo . oo.       |
[   24.664371] cloud-init[966]: |o.o.. o+*        |
[   24.666840] cloud-init[966]: |oB.. o==o=       |
[   24.666961] cloud-init[966]: |+.+. oO=S .      |
[   24.667060] cloud-init[966]: | . ..+.* = .     |
[   24.668762] cloud-init[966]: |      *.+ .      |
[   24.668881] cloud-init[966]: |     . o+..      |
[   24.668971] cloud-init[966]: |      .o.o..     |
[   24.669051] cloud-init[966]: +----[SHA256]-----+
[[0;32m  OK  [0m] Started Message of the Day.
[[0;32m  OK  [0m] Listening on UUID daemon activation socket.
[[0;32m  OK  [0m] Started Daily Cleanup of Temporary Directories.
[[0;32m  OK  [0m] Started Daily apt download activities.
[[0;32m  OK  [0m] Listening on ACPID Listen Socket.
         Starting LXD - unix socket.
         Starting Socket activation for snappy daemon.
[[0;32m  OK  [0m] Started Daily apt upgrade and clean activities.
[[0;32m  OK  [0m] Reached target Timers.
[[0;32m  OK  [0m] Listening on D-Bus System Message Bus Socket.
[[0;32m  OK  [0m] Listening on LXD - unix socket.
[[0;32m  OK  [0m] Listening on Socket activation for snappy daemon.
[[0;32m  OK  [0m] Reached target Sockets.
[[0;32m  OK  [0m] Reached target Basic System.
         Starting Accounts Service...
[[0;32m  OK  [0m] Started Deferred execution scheduler.
         Starting LSB: MD monitoring daemon...
         Starting System Logging Service...
[[0;32m  OK  [0m] Started FUSE filesystem for LXC.
         Starting Virtualbox guest utils...
[[0;32m  OK  [0m] Started Regular background program processing daemon.
[[0;32m  OK  [0m] Started ACPI event daemon.
         Starting Pollinate to seed the pseudo random number generator...
         Starting LSB: Record successful boot for GRUB...
         Starting Snappy daemon...
[[0;32m  OK  [0m] Started D-Bus System Message Bus.
         Starting /etc/rc.local Compatibility...
         Starting Login Service...
         Starting LXD - container startup/shutdown...
[[0;32m  OK  [0m] Started System Logging Service.
[[0;32m  OK  [0m] Started iSCSI initiator daemon (iscsid).
[[0;32m  OK  [0m] Started /etc/rc.local Compatibility.
         Starting Authenticate and Authorize Users to Run Privileged Tasks...
         Starting Login to default iSCSI targets...
[[0;32m  OK  [0m] Started LSB: MD monitoring daemon.
[[0;32m  OK  [0m] Started Login Service.
[[0;32m  OK  [0m] Started LSB: Record successful boot for GRUB.
[[0;32m  OK  [0m] Started Unattended Upgrades Shutdown.
[[0;32m  OK  [0m] Started Login to default iSCSI targets.
[[0;32m  OK  [0m] Reached target Remote File Systems (Pre).
[[0;32m  OK  [0m] Reached target Remote File Systems.
         Starting Permit User Sessions...
         Starting LSB: Set the CPU Frequency Scaling governor to "ondemand"...
         Starting LSB: daemon to balance interrupts for SMP systems...
         Starting LSB: automatic crash report generation...
[[0;32m  OK  [0m] Started Permit User Sessions.
[[0;32m  OK  [0m] Started Authenticate and Authorize Users to Run Privileged Tasks.
[[0;32m  OK  [0m] Started Accounts Service.
         Starting Hold until boot process finishes up...
         Starting Terminate Plymouth Boot Screen...
[[0;32m  OK  [0m] Started Hold until boot process finishes up.
[[0;32m  OK  [0m] Started Serial Getty on ttyS0.
[[0;32m  OK  [0m] Started Getty on tty1.
[[0;32m  OK  [0m] Reached target Login Prompts.
         Starting Set console scheme...
[[0;32m  OK  [0m] Started Terminate Plymouth Boot Screen.
[[0;32m  OK  [0m] Started Set console scheme.
[[0;32m  OK  [0m] Started LSB: daemon to balance interrupts for SMP systems.
[[0;32m  OK  [0m] Started LSB: Set the CPU Frequency Scaling governor to "ondemand".
[[0;32m  OK  [0m] Started LXD - container startup/shutdown.
[[0;32m  OK  [0m] Started LSB: automatic crash report generation.
[[0;32m  OK  [0m] Started Virtualbox guest utils.
[[0;32m  OK  [0m] Started Snappy daemon.
         Starting Wait until snapd is fully seeded...
[[0;32m  OK  [0m] Started Pollinate to seed the pseudo random number generator.
         Starting OpenBSD Secure Shell server...
[[0;32m  OK  [0m] Started OpenBSD Secure Shell server.
[[0;32m  OK  [0m] Started Wait until snapd is fully seeded.
         Starting Apply the settings specified in cloud-config...
[[0;32m  OK  [0m] Reached target Multi-User System.
[[0;32m  OK  [0m] Reached target Graphical Interface.
         Starting Update UTMP about System Runlevel Changes...
[[0;32m  OK  [0m] Started Update UTMP about System Runlevel Changes.

Ubuntu 16.04.6 LTS ubuntu-xenial ttyS0

ubuntu-xenial login: [   36.440016] cloud-init[1337]: Generating locales (this might take a while)...
[   42.930723] cloud-init[1337]:   en_US.UTF-8... done
[   42.935976] cloud-init[1337]: Generation complete.
[   49.250939] cloud-init[1337]: Cloud-init v. 19.4-33-gbb4131a2-0ubuntu1~16.04.1 running 'modules:config' at Tue, 26 May 2020 12:23:13 +0000. Up 35.86 seconds.
ci-info: no authorized SSH keys fingerprints found for user ubuntu.
<14>May 26 12:23:29 ec2: 
<14>May 26 12:23:29 ec2: #############################################################
<14>May 26 12:23:29 ec2: -----BEGIN SSH HOST KEY FINGERPRINTS-----
<14>May 26 12:23:29 ec2: 1024 SHA256:vbPw/M4h70MuJ90IC75KZ3/kH3Xnt6qY9W+MBHkJ894 root@ubuntu-xenial (DSA)
<14>May 26 12:23:29 ec2: 256 SHA256:QU9+DX8d60y7x26EM5cFB4TWWIt9I1mXDCs9HhErF/c root@ubuntu-xenial (ECDSA)
<14>May 26 12:23:29 ec2: 256 SHA256:MeSjH/sjw64llrRJNsk0/yERxHpSekoKwg/FrcJpDjU root@ubuntu-xenial (ED25519)
<14>May 26 12:23:29 ec2: 2048 SHA256:sx5e/krMshc75GV7K1OcrJrki/9ZvOc4HcV4DoY9Xps root@ubuntu-xenial (RSA)
<14>May 26 12:23:29 ec2: -----END SSH HOST KEY FINGERPRINTS-----
<14>May 26 12:23:29 ec2: #############################################################
-----BEGIN SSH HOST KEY KEYS-----
ecdsa-sha2-nistp256 AAAAE2VjZHNhLXNoYTItbmlzdHAyNTYAAAAIbmlzdHAyNTYAAABBBDxQu02JIfgqaWSrpPH0GrelMZ+lQ5GRgAjQEFQCSP/5Vrpod21tk0diDkdF7I9GtbEjgMes/iBZ0khH4POZ5nA= root@ubuntu-xenial
ssh-ed25519 AAAAC3NzaC1lZDI1NTE5AAAAIELG6tIbUL0d7JgVEiLieaSwH1LfW+NoU0a07maSqXMA root@ubuntu-xenial
ssh-rsa AAAAB3NzaC1yc2EAAAADAQABAAABAQDXn+4m4K35npy92qLQfb9HMP2+YqTIT22dqy7GelCTgpWvou/ijc4w1tjS1GEvROPfq+DxUamlzZo/5a5cXDC07afuOOtY0Eoqy/L/FEzTa17/lKyJaMtptoPIABUULJq0JGDh/gyNEWj8DM+iLBaORJjxoPWhJfzLVJe2X8W76vRFQiyWa/2hsAHOdtmCRjv9VuXSZ5J8+PR/e45SB76PHXNqIa9f8z3RNeDv31mzuMWmfRuVSEB/QEKmhhsF1Ybr+Dt0hkXZVxl4isg/Rf/KKaCT0D6dFqfRbLD6+S0NTzBa+G4+BXKELzYB4h3+eQtZVZXk5tXE9EHRp9pIJl9t root@ubuntu-xenial
-----END SSH HOST KEY KEYS-----
[   52.607841] cloud-init[1450]: Cloud-init v. 19.4-33-gbb4131a2-0ubuntu1~16.04.1 running 'modules:final' at Tue, 26 May 2020 12:23:28 +0000. Up 51.53 seconds.
[   52.623737] cloud-init[1450]: ci-info: no authorized SSH keys fingerprints found for user ubuntu.
[   52.627710] cloud-init[1450]: Cloud-init v. 19.4-33-gbb4131a2-0ubuntu1~16.04.1 finished at Tue, 26 May 2020 12:23:29 +0000. Datasource DataSourceNoCloud [seed=/dev/sdb][dsmode=net].  Up 52.55 seconds
